
> web@0.0.0 build
> tsc -b && vite build

[36mvite v7.3.1 [32mbuilding client environment for production...[36m[39m
transforming...
Found 1 warning while optimizing generated CSS:
System.Management.Automation.RemoteException
[2mÔöé   background: var(--color-dark-500);[22m
[2mÔöé }[22m
[2mÔöé[22m @import url("https://fonts.googleapis.com/css2?family=Inter:wght@300;400;500;600;700&display=swap");
[2mÔöå[22m        [33m[2m^--[22m @import rules must precede all rules aside from @charset and @layer statements[39m
[2mÔöå[22m
[2mÔöé @property --tw-space-y-reverse {[22m
[2mÔöé   syntax: "*";[22m
System.Management.Automation.RemoteException
[32mÔ£ô[39m 1802 modules transformed.
rendering chunks...
computing gzip size...
[2mdist/[22m[32mindex.html                 [39m[1m[2m  0.45 kB[22m[1m[22m[2m Ôöé gzip:  0.29 kB[22m
[2mdist/[22m[35massets/index-62hJlsSC.css  [39m[1m[2m 25.47 kB[22m[1m[22m[2m Ôöé gzip:  5.12 kB[22m
[2mdist/[22m[36massets/index-BZHZzoHw.js   [39m[1m[2m301.96 kB[22m[1m[22m[2m Ôöé gzip: 93.11 kB[22m
[32mÔ£ô built in 2.49s[39m
